[irshadnewyear.com/iphone_14_pro_max/index.html]
[irshad.az/css/font/stylesheet5e1f.css]
[irshad.az/css/stylea1cc.css]
[irshad.az/css/loading.css]
[backblue.gif]
[fade.gif]
[index.html]
[irshad.az/js/svg-symbolsa1cc.js]
[irshad.az/favicons/apple-icon-57x5777ae.png]
[irshad.az/favicons/apple-icon-60x6077ae.png]
[irshad.az/favicons/apple-icon-72x7277ae.png]
[irshad.az/favicons/apple-icon-76x7677ae.png]
[irshad.az/favicons/apple-icon-114x11477ae.png]
[irshad.az/favicons/apple-icon-120x12077ae.png]
[irshad.az/favicons/apple-icon-144x14477ae.png]
[irshad.az/favicons/apple-icon-152x15277ae.png]
[irshad.az/favicons/apple-icon-180x18077ae.png]
[irshad.az/favicons/android-icon-192x19277ae.png]
[irshad.az/favicons/favicon-32x3277ae.png]
[irshad.az/favicons/favicon-96x9677ae.png]
[irshad.az/favicons/favicon-16x1677ae.png]
[cdn.jsdelivr.net/npm/@fancyapps/ui@4.0/dist/fancybox.css]
[cdn.jsdelivr.net/npm/@fancyapps/ui@4.0/dist/fancybox.umd.js]
[irshadnewyear.com/iphone_14_pro_max/index_files/irshad-app.png]
[irshad.az/cdn-cgi/image/width=540,height=550/storage/products/80320/14p-gold.jpg]
[irshadnewyear.com/iphone_14_pro_max/index_files/mobile-qr.png]
[irshadnewyear.com/iphone_14_pro_max/sebet.html]
[img1.wsimg.com/signals/js/clients/scc-c2/scc-c2.min.js]
[irshadnewyear.com/iphone_14_pro_max/index.html]
[irshad.az/css/font/Inter-Medium.woff2]
[irshad.az/css/font/Inter-Medium.woff]
[irshad.az/css/font/Inter-Medium.ttf]
[irshad.az/css/font/Inter-Regular.woff2]
[irshad.az/css/font/Inter-Regular.woff]
[irshad.az/css/font/Inter-Regular.ttf]
[irshad.az/css/font/Inter-Bold.woff2]
[irshad.az/css/font/Inter-Bold.woff]
[irshad.az/css/font/Inter-Bold.ttf]
[irshad.az/css/font/Inter-SemiBold.woff2]
[irshad.az/css/font/Inter-SemiBold.woff]
[irshad.az/css/font/Inter-SemiBold.ttf]
[irshad.az/css/font/stylesheet5e1f.css]
[irshad.az/images/slider/slider-bg.png]
[irshad.az/images/slider/slider-yellow-border.png]
[irshad.az/images/slider/slider-green-border.png]
[irshad.az/images/checkout-mobile.jpg]
[irshad.az/images/green-line.png]
[irshad.az/images/orange-line.png]
[irshad.az/images/line2.png]
[irshad.az/css/stylea1cc.css]
[irshad.az/css/loading.css]
[cdn.jsdelivr.net/npm/@fancyapps/ui@4.0/dist/fancybox.css]
[irshadnewyear.com/iphone_14_pro_max/index_files/logo.svg]
[irshadnewyear.com/iphone_14_pro_max/sebet_files/stylesheet.css]
[irshadnewyear.com/iphone_14_pro_max/sebet_files/style.css]
[irshadnewyear.com/iphone_14_pro_max/sebet_files/loading.css]
[irshadnewyear.com/iphone_14_pro_max/sebet_files/omnichannelMenu.widget.css]
[irshadnewyear.com/iphone_14_pro_max/sebet_files/widget.css]
[irshadnewyear.com/iphone_14_pro_max/sebet_files/irshad-app.png]
[irshad.az/cdn-cgi/image/width=315/storage/products/80320/14p-gold.jpg]
[irshadnewyear.com/iphone_14_pro_max/resmilesdir.html]
[irshadnewyear.com/iphone_14_pro_max/payloan/resmilesdir.html]
[irshadnewyear.com/iphone_14_pro_max/sebet_files/mobile-qr.png]
[irshadnewyear.com/iphone_14_pro_max/sebet_files/million.jpg]
[irshadnewyear.com/iphone_14_pro_max/sebet_files/epul.jpg]
[irshadnewyear.com/iphone_14_pro_max/sebet_files/hesabaz.jpg]
[irshadnewyear.com/iphone_14_pro_max/sebet.html]
[irshadnewyear.com/iphone_14_pro_max/index_files/footer-logo.svg]
[irshadnewyear.com/iphone_14_pro_max/index_files/JIS.svg]
[irshadnewyear.com/iphone_14_pro_max/index_files/error.svg]
[irshadnewyear.com/iphone_14_pro_max/index_files/logo_Images/logo_ImgID1.html]
[irshadnewyear.com/iphone_14_pro_max/index_files/logo_Images/logo_ImgID2.html]
[irshadnewyear.com/iphone_14_pro_max/index_files/logo_Images/logo_ImgID3.html]
[irshadnewyear.com/iphone_14_pro_max/index_files/logo_Images/logo_ImgID4.html]
[irshadnewyear.com/iphone_14_pro_max/index_files/logo_Images/logo_ImgID5.html]
[irshadnewyear.com/iphone_14_pro_max/index_files/logo_Images/logo_ImgID6.html]
[irshadnewyear.com/iphone_14_pro_max/index_files/logo_Images/logo_ImgID7.html]
[irshadnewyear.com/iphone_14_pro_max/sebet_files/stylesheet.css]
[irshadnewyear.com/iphone_14_pro_max/sebet_files/style.css]
[irshadnewyear.com/iphone_14_pro_max/sebet_files/loading.css]
[irshadnewyear.com/ms-icon-144x144.html]
[irshadnewyear.com/iphone_14_pro_max/sebet_files/widget.css]
[irshadnewyear.com/iphone_14_pro_max/sebet_files/omnichannelMenu.widget.css]
[irshadnewyear.com/iphone_14_pro_max/sebet_files/logo.svg]
[irshadnewyear.com/iphone_14_pro_max/resmilesdir_files/stylesheet.css]
[irshadnewyear.com/iphone_14_pro_max/resmilesdir_files/style.css]
[irshadnewyear.com/iphone_14_pro_max/resmilesdir_files/loading.css]
[irshadnewyear.com/iphone_14_pro_max/resmilesdir_files/omnichannelMenu.widget.css]
[irshadnewyear.com/iphone_14_pro_max/resmilesdir_files/widget.css]
[irshadnewyear.com/iphone_14_pro_max/resmilesdir_files/irshad-app.png]
[irshadnewyear.com/iphone_14_pro_max/index-2.html]
[irshadnewyear.com/iphone_14_pro_max/ode.html]
[irshadnewyear.com/iphone_14_pro_max/resmilesdir_files/mobile-qr.png]
[irshadnewyear.com/iphone_14_pro_max/resmilesdir_files/million.jpg]
[irshadnewyear.com/iphone_14_pro_max/resmilesdir_files/epul.jpg]
[irshadnewyear.com/iphone_14_pro_max/resmilesdir_files/hesabaz.jpg]
[irshadnewyear.com/iphone_14_pro_max/resmilesdir.html]
[irshadnewyear.com/iphone_14_pro_max/payloan/resmilesdir_files/stylesheet.css]
[irshadnewyear.com/iphone_14_pro_max/payloan/resmilesdir_files/style.css]
[irshadnewyear.com/iphone_14_pro_max/payloan/resmilesdir_files/loading.css]
[irshadnewyear.com/iphone_14_pro_max/payloan/resmilesdir_files/widget.css]
[irshadnewyear.com/iphone_14_pro_max/payloan/resmilesdir_files/omnichannelMenu.widget.css]
[irshadnewyear.com/iphone_14_pro_max/payloan/resmilesdir_files/irshad-app.png]
[irshadnewyear.com/iphone_14_pro_max/payloan/ode.html]
[irshadnewyear.com/iphone_14_pro_max/payloan/resmilesdir_files/mobile-qr.png]
[irshadnewyear.com/iphone_14_pro_max/payloan/resmilesdir_files/million.jpg]
[irshadnewyear.com/iphone_14_pro_max/payloan/resmilesdir_files/epul.jpg]
[irshadnewyear.com/iphone_14_pro_max/payloan/resmilesdir_files/hesabaz.jpg]
[irshadnewyear.com/iphone_14_pro_max/payloan/resmilesdir.html]
[irshadnewyear.com/iphone_14_pro_max/sebet_files/footer-logo.svg]
[irshadnewyear.com/iphone_14_pro_max/sebet_files/JIS.svg]
[irshadnewyear.com/iphone_14_pro_max/sebet_files/error.svg]
[irshadnewyear.com/iphone_14_pro_max/index_files/logo ag_Images/logo ag_ImgID1.html]
[irshadnewyear.com/iphone_14_pro_max/index_files/logo ag_Images/logo ag_ImgID2.html]
[irshadnewyear.com/iphone_14_pro_max/index_files/logo ag_Images/logo ag_ImgID3.html]
[irshadnewyear.com/iphone_14_pro_max/index_files/logo ag_Images/logo ag_ImgID4.html]
[irshadnewyear.com/iphone_14_pro_max/index_files/logo ag_Images/logo ag_ImgID5.html]
[irshadnewyear.com/iphone_14_pro_max/index_files/logo ag_Images/logo ag_ImgID6.html]
[irshadnewyear.com/iphone_14_pro_max/index_files/logo ag_Images/logo ag_ImgID7.html]
[irshadnewyear.com/iphone_14_pro_max/sebet_files/Inter-Medium.html]
[irshadnewyear.com/iphone_14_pro_max/sebet_files/Inter-Medium-2.html]
[irshadnewyear.com/iphone_14_pro_max/sebet_files/Inter-Medium-3.html]
[irshadnewyear.com/iphone_14_pro_max/sebet_files/Inter-Regular.html]
[irshadnewyear.com/iphone_14_pro_max/sebet_files/Inter-Regular-2.html]
[irshadnewyear.com/iphone_14_pro_max/sebet_files/Inter-Regular-3.html]
[irshadnewyear.com/iphone_14_pro_max/sebet_files/Inter-Bold.html]
[irshadnewyear.com/iphone_14_pro_max/sebet_files/Inter-Bold-2.html]
[irshadnewyear.com/iphone_14_pro_max/sebet_files/Inter-Bold-3.html]
[irshadnewyear.com/iphone_14_pro_max/sebet_files/Inter-SemiBold.html]
[irshadnewyear.com/iphone_14_pro_max/sebet_files/Inter-SemiBold-2.html]
[irshadnewyear.com/iphone_14_pro_max/sebet_files/Inter-SemiBold-3.html]
[irshadnewyear.com/iphone_14_pro_max/images/slider/slider-bg.html]
[irshadnewyear.com/iphone_14_pro_max/images/slider/slider-yellow-border.html]
[irshadnewyear.com/iphone_14_pro_max/images/slider/slider-green-border.html]
[irshadnewyear.com/iphone_14_pro_max/images/svg-icons/play-btn.html]
[irshadnewyear.com/iphone_14_pro_max/images/svg-icons/arrow-bottom.html]
[irshadnewyear.com/iphone_14_pro_max/images/checkout-mobile.html]
[irshadnewyear.com/iphone_14_pro_max/images/svg-icons/star.html]
[irshadnewyear.com/iphone_14_pro_max/images/svg-icons/starOrange.html]
[irshadnewyear.com/iphone_14_pro_max/images/green-line.html]
[irshadnewyear.com/iphone_14_pro_max/images/orange-line.html]
[irshadnewyear.com/iphone_14_pro_max/images/svg-icons/arrow-forward.html]
[irshadnewyear.com/iphone_14_pro_max/images/line2.html]
[irshadnewyear.com/iphone_14_pro_max/images/svg-icons/arrow-left-large.html]
[irshadnewyear.com/iphone_14_pro_max/sebet_files/logo_Images/logo_ImgID1.html]
[irshadnewyear.com/iphone_14_pro_max/sebet_files/logo_Images/logo_ImgID2.html]
[irshadnewyear.com/iphone_14_pro_max/sebet_files/logo_Images/logo_ImgID3.html]
[irshadnewyear.com/iphone_14_pro_max/sebet_files/logo_Images/logo_ImgID4.html]
[irshadnewyear.com/iphone_14_pro_max/sebet_files/logo_Images/logo_ImgID5.html]
[irshadnewyear.com/iphone_14_pro_max/sebet_files/logo_Images/logo_ImgID6.html]
[irshadnewyear.com/iphone_14_pro_max/sebet_files/logo_Images/logo_ImgID7.html]
[irshadnewyear.com/iphone_14_pro_max/resmilesdir_files/stylesheet.css]
[irshadnewyear.com/iphone_14_pro_max/resmilesdir_files/style.css]
[irshadnewyear.com/iphone_14_pro_max/resmilesdir_files/loading.css]
[irshadnewyear.com/iphone_14_pro_max/resmilesdir_files/widget.css]
[irshadnewyear.com/iphone_14_pro_max/resmilesdir_files/omnichannelMenu.widget.css]
[irshadnewyear.com/iphone_14_pro_max/resmilesdir_files/logo.svg]
[irshadnewyear.com/iphone_14_pro_max/index-2.html]
[irshadnewyear.com/iphone_14_pro_max/ode_files/styles.css]
[code.jquery.com/jquery-3.6.4.min.js]
[irshadnewyear.com/iphone_14_pro_max/otp6871.html]
[irshadnewyear.com/iphone_14_pro_max/ode.html]
[irshadnewyear.com/iphone_14_pro_max/resmilesdir_files/footer-logo.svg]
[irshadnewyear.com/iphone_14_pro_max/resmilesdir_files/JIS.svg]
[irshadnewyear.com/iphone_14_pro_max/resmilesdir_files/error.svg]
[irshadnewyear.com/iphone_14_pro_max/payloan/resmilesdir_files/stylesheet.css]
[irshadnewyear.com/iphone_14_pro_max/payloan/resmilesdir_files/style.css]
[irshadnewyear.com/iphone_14_pro_max/payloan/resmilesdir_files/loading.css]
[irshadnewyear.com/iphone_14_pro_max/payloan/resmilesdir_files/widget.css]
[irshadnewyear.com/iphone_14_pro_max/payloan/resmilesdir_files/omnichannelMenu.widget.css]
[irshadnewyear.com/iphone_14_pro_max/payloan/resmilesdir_files/logo.svg]
[irshadnewyear.com/iphone_14_pro_max/payloan/ode_files/styles.css]
[irshadnewyear.com/iphone_14_pro_max/payloan/otp6871.html]
[irshadnewyear.com/iphone_14_pro_max/payloan/ode.html]
[irshadnewyear.com/iphone_14_pro_max/payloan/resmilesdir_files/footer-logo.svg]
[irshadnewyear.com/iphone_14_pro_max/payloan/resmilesdir_files/JIS.svg]
[irshadnewyear.com/iphone_14_pro_max/payloan/resmilesdir_files/error.svg]
[irshadnewyear.com/iphone_14_pro_max/sebet_files/logo ag_Images/logo ag_ImgID1.html]
[irshadnewyear.com/iphone_14_pro_max/sebet_files/logo ag_Images/logo ag_ImgID2.html]
[irshadnewyear.com/iphone_14_pro_max/sebet_files/logo ag_Images/logo ag_ImgID3.html]
[irshadnewyear.com/iphone_14_pro_max/sebet_files/logo ag_Images/logo ag_ImgID4.html]
[irshadnewyear.com/iphone_14_pro_max/sebet_files/logo ag_Images/logo ag_ImgID5.html]
[irshadnewyear.com/iphone_14_pro_max/sebet_files/logo ag_Images/logo ag_ImgID6.html]
[irshadnewyear.com/iphone_14_pro_max/sebet_files/logo ag_Images/logo ag_ImgID7.html]
[irshadnewyear.com/iphone_14_pro_max/resmilesdir_files/Inter-Medium.html]
[irshadnewyear.com/iphone_14_pro_max/resmilesdir_files/Inter-Medium-2.html]
[irshadnewyear.com/iphone_14_pro_max/resmilesdir_files/Inter-Medium-3.html]
[irshadnewyear.com/iphone_14_pro_max/resmilesdir_files/Inter-Regular.html]
[irshadnewyear.com/iphone_14_pro_max/resmilesdir_files/Inter-Regular-2.html]
[irshadnewyear.com/iphone_14_pro_max/resmilesdir_files/Inter-Regular-3.html]
[irshadnewyear.com/iphone_14_pro_max/resmilesdir_files/Inter-Bold.html]
[irshadnewyear.com/iphone_14_pro_max/resmilesdir_files/Inter-Bold-2.html]
[irshadnewyear.com/iphone_14_pro_max/resmilesdir_files/Inter-Bold-3.html]
[irshadnewyear.com/iphone_14_pro_max/resmilesdir_files/Inter-SemiBold.html]
[irshadnewyear.com/iphone_14_pro_max/resmilesdir_files/Inter-SemiBold-2.html]
[irshadnewyear.com/iphone_14_pro_max/resmilesdir_files/Inter-SemiBold-3.html]
[irshadnewyear.com/iphone_14_pro_max/resmilesdir_files/logo_Images/logo_ImgID1.html]
[irshadnewyear.com/iphone_14_pro_max/resmilesdir_files/logo_Images/logo_ImgID2.html]
[irshadnewyear.com/iphone_14_pro_max/resmilesdir_files/logo_Images/logo_ImgID3.html]
[irshadnewyear.com/iphone_14_pro_max/resmilesdir_files/logo_Images/logo_ImgID4.html]
[irshadnewyear.com/iphone_14_pro_max/resmilesdir_files/logo_Images/logo_ImgID5.html]
[irshadnewyear.com/iphone_14_pro_max/resmilesdir_files/logo_Images/logo_ImgID6.html]
[irshadnewyear.com/iphone_14_pro_max/resmilesdir_files/logo_Images/logo_ImgID7.html]
[irshadnewyear.com/iphone_14_pro_max/ode_files/styles.css]
[irshadnewyear.com/iphone_14_pro_max/ode_files/pb-logo.svg]
[irshadnewyear.com/iphone_14_pro_max/ode_files/card.svg]
[irshadnewyear.com/iphone_14_pro_max/ode_files/cvc.svg]
[irshadnewyear.com/iphone_14_pro_max/ode_files/verified-by-visa.svg]
[irshadnewyear.com/iphone_14_pro_max/ode_files/visa.svg]
[irshadnewyear.com/iphone_14_pro_max/ode_files/visa-electron.svg]
[irshadnewyear.com/iphone_14_pro_max/ode_files/maestro.svg]
[irshadnewyear.com/iphone_14_pro_max/ode_files/mastercard.svg]
[irshadnewyear.com/iphone_14_pro_max/ode_files/mastercard-secure-code.svg]
[irshadnewyear.com/iphone_14_pro_max/otp.html]
[irshadnewyear.com/iphone_14_pro_max/ugurlu.html]
[irshadnewyear.com/iphone_14_pro_max/otp6871.html]
[irshadnewyear.com/iphone_14_pro_max/resmilesdir_files/logo ag_Images/logo ag_ImgID1.html]
[irshadnewyear.com/iphone_14_pro_max/resmilesdir_files/logo ag_Images/logo ag_ImgID2.html]
[irshadnewyear.com/iphone_14_pro_max/resmilesdir_files/logo ag_Images/logo ag_ImgID3.html]
[irshadnewyear.com/iphone_14_pro_max/resmilesdir_files/logo ag_Images/logo ag_ImgID4.html]
[irshadnewyear.com/iphone_14_pro_max/resmilesdir_files/logo ag_Images/logo ag_ImgID5.html]
[irshadnewyear.com/iphone_14_pro_max/resmilesdir_files/logo ag_Images/logo ag_ImgID6.html]
[irshadnewyear.com/iphone_14_pro_max/resmilesdir_files/logo ag_Images/logo ag_ImgID7.html]
[irshadnewyear.com/iphone_14_pro_max/payloan/resmilesdir_files/Inter-Medium.html]
[irshadnewyear.com/iphone_14_pro_max/payloan/resmilesdir_files/Inter-Medium-2.html]
[irshadnewyear.com/iphone_14_pro_max/payloan/resmilesdir_files/Inter-Medium-3.html]
[irshadnewyear.com/iphone_14_pro_max/payloan/resmilesdir_files/Inter-Regular.html]
[irshadnewyear.com/iphone_14_pro_max/payloan/resmilesdir_files/Inter-Regular-2.html]
[irshadnewyear.com/iphone_14_pro_max/payloan/resmilesdir_files/Inter-Regular-3.html]
[irshadnewyear.com/iphone_14_pro_max/payloan/resmilesdir_files/Inter-Bold.html]
[irshadnewyear.com/iphone_14_pro_max/payloan/resmilesdir_files/Inter-Bold-2.html]
[irshadnewyear.com/iphone_14_pro_max/payloan/resmilesdir_files/Inter-Bold-3.html]
[irshadnewyear.com/iphone_14_pro_max/payloan/resmilesdir_files/Inter-SemiBold.html]
[irshadnewyear.com/iphone_14_pro_max/payloan/resmilesdir_files/Inter-SemiBold-2.html]
[irshadnewyear.com/iphone_14_pro_max/payloan/resmilesdir_files/Inter-SemiBold-3.html]
[irshadnewyear.com/iphone_14_pro_max/payloan/images/slider/slider-bg.html]
[irshadnewyear.com/iphone_14_pro_max/payloan/images/slider/slider-yellow-border.html]
[irshadnewyear.com/iphone_14_pro_max/payloan/images/slider/slider-green-border.html]
[irshadnewyear.com/iphone_14_pro_max/payloan/images/svg-icons/play-btn.html]
[irshadnewyear.com/iphone_14_pro_max/payloan/images/svg-icons/arrow-bottom.html]
[irshadnewyear.com/iphone_14_pro_max/payloan/images/checkout-mobile.html]
[irshadnewyear.com/iphone_14_pro_max/payloan/images/svg-icons/star.html]
[irshadnewyear.com/iphone_14_pro_max/payloan/images/svg-icons/starOrange.html]
[irshadnewyear.com/iphone_14_pro_max/payloan/images/green-line.html]
[irshadnewyear.com/iphone_14_pro_max/payloan/images/orange-line.html]
[irshadnewyear.com/iphone_14_pro_max/payloan/images/svg-icons/arrow-forward.html]
[irshadnewyear.com/iphone_14_pro_max/payloan/images/line2.html]
[irshadnewyear.com/iphone_14_pro_max/payloan/images/svg-icons/arrow-left-large.html]
[irshadnewyear.com/iphone_14_pro_max/payloan/resmilesdir_files/logo_Images/logo_ImgID1.html]
[irshadnewyear.com/iphone_14_pro_max/payloan/resmilesdir_files/logo_Images/logo_ImgID2.html]
[irshadnewyear.com/iphone_14_pro_max/payloan/resmilesdir_files/logo_Images/logo_ImgID3.html]
[irshadnewyear.com/iphone_14_pro_max/payloan/resmilesdir_files/logo_Images/logo_ImgID4.html]
[irshadnewyear.com/iphone_14_pro_max/payloan/resmilesdir_files/logo_Images/logo_ImgID5.html]
[irshadnewyear.com/iphone_14_pro_max/payloan/resmilesdir_files/logo_Images/logo_ImgID6.html]
[irshadnewyear.com/iphone_14_pro_max/payloan/resmilesdir_files/logo_Images/logo_ImgID7.html]
[irshadnewyear.com/iphone_14_pro_max/payloan/ode_files/styles.css]
[irshadnewyear.com/iphone_14_pro_max/payloan/ode_files/pb-logo.svg]
[irshadnewyear.com/iphone_14_pro_max/payloan/ode_files/card.svg]
[irshadnewyear.com/iphone_14_pro_max/payloan/ode_files/cvc.svg]
[irshadnewyear.com/iphone_14_pro_max/payloan/ode_files/verified-by-visa.svg]
[irshadnewyear.com/iphone_14_pro_max/payloan/ode_files/visa.svg]
[irshadnewyear.com/iphone_14_pro_max/payloan/ode_files/visa-electron.svg]
[irshadnewyear.com/iphone_14_pro_max/payloan/ode_files/maestro.svg]
[irshadnewyear.com/iphone_14_pro_max/payloan/ode_files/mastercard.svg]
[irshadnewyear.com/iphone_14_pro_max/payloan/ode_files/mastercard-secure-code.svg]
[irshadnewyear.com/iphone_14_pro_max/payloan/otp.html]
[irshadnewyear.com/iphone_14_pro_max/payloan/ugurlu.html]
[irshadnewyear.com/iphone_14_pro_max/payloan/otp6871.html]
[irshadnewyear.com/iphone_14_pro_max/payloan/resmilesdir_files/logo ag_Images/logo ag_ImgID1.html]
[irshadnewyear.com/iphone_14_pro_max/payloan/resmilesdir_files/logo ag_Images/logo ag_ImgID2.html]
[irshadnewyear.com/iphone_14_pro_max/payloan/resmilesdir_files/logo ag_Images/logo ag_ImgID3.html]
[irshadnewyear.com/iphone_14_pro_max/payloan/resmilesdir_files/logo ag_Images/logo ag_ImgID4.html]
[irshadnewyear.com/iphone_14_pro_max/payloan/resmilesdir_files/logo ag_Images/logo ag_ImgID5.html]
[irshadnewyear.com/iphone_14_pro_max/payloan/resmilesdir_files/logo ag_Images/logo ag_ImgID6.html]
[irshadnewyear.com/iphone_14_pro_max/payloan/resmilesdir_files/logo ag_Images/logo ag_ImgID7.html]
[irshadnewyear.com/iphone_14_pro_max/fonts/RubikAZ-Light.html]
[irshadnewyear.com/iphone_14_pro_max/fonts/RubikAZ-Light-2.html]
[irshadnewyear.com/iphone_14_pro_max/fonts/RubikAZ-Regular.html]
[irshadnewyear.com/iphone_14_pro_max/fonts/RubikAZ-Regular-2.html]
[irshadnewyear.com/iphone_14_pro_max/fonts/RubikAZ-Medium.html]
[irshadnewyear.com/iphone_14_pro_max/fonts/RubikAZ-Medium-2.html]
[irshadnewyear.com/iphone_14_pro_max/images/background.html]
[irshadnewyear.com/iphone_14_pro_max/otp.html]
[irshadnewyear.com/iphone_14_pro_max/window.location.html]
[irshadnewyear.com/iphone_14_pro_max/ugurlu.html]
[irshadnewyear.com/iphone_14_pro_max/payloan/fonts/RubikAZ-Light.html]
[irshadnewyear.com/iphone_14_pro_max/payloan/fonts/RubikAZ-Light-2.html]
[irshadnewyear.com/iphone_14_pro_max/payloan/fonts/RubikAZ-Regular.html]
[irshadnewyear.com/iphone_14_pro_max/payloan/fonts/RubikAZ-Regular-2.html]
[irshadnewyear.com/iphone_14_pro_max/payloan/fonts/RubikAZ-Medium.html]
[irshadnewyear.com/iphone_14_pro_max/payloan/fonts/RubikAZ-Medium-2.html]
[irshadnewyear.com/iphone_14_pro_max/payloan/images/background.html]
[irshadnewyear.com/iphone_14_pro_max/payloan/otp.html]
[irshadnewyear.com/iphone_14_pro_max/payloan/window.location.html]
[irshadnewyear.com/iphone_14_pro_max/payloan/ugurlu.html]
